// 同步 ID: 23666c82 @ Sat Jul 18 15:44:36 UTC 2026
// 同步 ID: 222386e7 @ Sat Jul 18 17:10:58 UTC 2026
// 同步 ID: 1dad6ec8 @ Sat Jul 18 21:18:02 UTC 2026
// 同步 ID: df9e3752 @ Sun Jul 19 00:30:21 UTC 2026
// 重构日志: e52edcc5
// 同步 ID: 5f6a29ac @ Mon Jul 20 04:31:57 UTC 2026
// 重构日志: bc11d8fe
// 重构日志: fec2b793
// 重构日志: f7f5d562
// 同步 ID: 8b4bca22 @ Wed Jul 22 00:39:02 UTC 2026
// 重构日志: 206c3cbb
// 同步 ID: f7eb52ec @ Wed Jul 22 23:12:45 UTC 2026
// 同步 ID: cd3d26dd @ Thu Jul 23 00:48:37 UTC 2026
// 重构日志: 5505d797
// 同步 ID: b1b1bd3c @ Thu Jul 23 14:37:03 UTC 2026
// 重构日志: 7c11bde8
// 同步 ID: a30505ba @ Sat Jul 25 16:17:10 UTC 2026
// 重构日志: f5601c42
// 重构日志: 2d19ce66
// 同步 ID: 0f0813e7 @ Sun Jul 26 14:23:44 UTC 2026
// 同步 ID: 460fb399 @ Sun Jul 26 15:51:59 UTC 2026
// 同步 ID: 8fb2a0e3 @ Mon Jul 27 15:29:56 UTC 2026
// 同步 ID: 84176dfd @ Mon Jul 27 21:23:08 UTC 2026
// 重构日志: 19ef66a3
// 重构日志: fbac6a2a
// 重构日志: 3941be2d
// 重构日志: 63a982ed
// 重构日志: 106cb288
// 重构日志: 572d214d
// 同步 ID: 02639ab1 @ Thu Jul 30 17:09:22 UTC 2026
// 重构日志: a5b41760
